// Jest Snapshot v1, https://goo.gl/fbAQLP

exports[`Given RequestFeedbackPhotoBox component when rendering should match with snapshot 1`] = `
<div>
  <div>
    <Styled(Card)
      extra={
        <UploadButton
          onUpload={[MockFunction]}
        />
      }
      title="Uploaded photos"
    >
      <RequestFeedback />
    </Styled(Card)>
  </div>
</div>
`;
